Archive member included to satisfy reference by file (symbol)

e:/7.0/toolchain/avr8/avr8-gnu-toolchain/bin/../lib/gcc/avr/5.4.0/avr5\libgcc.a(_exit.o)
                              E:/7.0/Packs/atmel/ATmega_DFP/1.2.209/gcc/dev/atmega32/avr5/crtatmega32.o (exit)
e:/7.0/toolchain/avr8/avr8-gnu-toolchain/bin/../lib/gcc/avr/5.4.0/avr5\libgcc.a(_copy_data.o)
                              add_user1.o (__do_copy_data)
e:/7.0/toolchain/avr8/avr8-gnu-toolchain/bin/../lib/gcc/avr/5.4.0/avr5\libgcc.a(_clear_bss.o)
                              main.o (__do_clear_bss)

Allocating common symbols
Common symbol       size              file

a                   0x1               main.o

Discarded input sections

 .data          0x00000000        0x0 E:/7.0/Packs/atmel/ATmega_DFP/1.2.209/gcc/dev/atmega32/avr5/crtatmega32.o
 .bss           0x00000000        0x0 E:/7.0/Packs/atmel/ATmega_DFP/1.2.209/gcc/dev/atmega32/avr5/crtatmega32.o
 .text          0x00000000        0x0 ADC.o
 .data          0x00000000        0x0 ADC.o
 .bss           0x00000000        0x0 ADC.o
 .text          0x00000000        0x0 add_user1.o
 .data          0x00000000        0x0 add_user1.o
 .bss           0x00000000        0x0 add_user1.o
 .text          0x00000000        0x0 dcmotor.o
 .data          0x00000000        0x0 dcmotor.o
 .bss           0x00000000        0x0 dcmotor.o
 .text          0x00000000        0x0 DIO.o
 .data          0x00000000        0x0 DIO.o
 .bss           0x00000000        0x0 DIO.o
 .text.DIO_Toggle
                0x00000000       0x82 DIO.o
 .text          0x00000000        0x0 DIO_GFC.o
 .data          0x00000000        0x0 DIO_GFC.o
 .bss           0x00000000        0x0 DIO_GFC.o
 .text          0x00000000        0x0 E2PROM.o
 .data          0x00000000        0x0 E2PROM.o
 .bss           0x00000000        0x0 E2PROM.o
 .text          0x00000000        0x0 KeyPad.o
 .data          0x00000000        0x0 KeyPad.o
 .bss           0x00000000        0x0 KeyPad.o
 .text          0x00000000        0x0 LCD.o
 .data          0x00000000        0x0 LCD.o
 .bss           0x00000000        0x0 LCD.o
 .text.LCD_SetPos
                0x00000000       0x22 LCD.o
 .text.LCD_CharPos
                0x00000000       0x16 LCD.o
 .text.LCD_StringPos
                0x00000000       0x1a LCD.o
 .text.LCD_CustomeChar
                0x00000000       0x36 LCD.o
 .text          0x00000000        0x0 main.o
 .data          0x00000000        0x0 main.o
 .bss           0x00000000        0x0 main.o
 .bss.Uart_Data
                0x00000000        0x1 main.o
 .bss.k         0x00000000        0x1 main.o
 .data.c        0x00000000        0x1 main.o
 .data.str5     0x00000000        0xb main.o
 .text          0x00000000        0x0 servo.o
 .data          0x00000000        0x0 servo.o
 .bss           0x00000000        0x0 servo.o
 .text          0x00000000        0x0 TWI.o
 .data          0x00000000        0x0 TWI.o
 .bss           0x00000000        0x0 TWI.o
 .text.TWI_Status
                0x00000000        0x6 TWI.o
 .text.TWI_Read_ACK
                0x00000000       0x16 TWI.o
 .text          0x00000000        0x0 UART.o
 .data          0x00000000        0x0 UART.o
 .bss           0x00000000        0x0 UART.o
 .text          0x00000000        0x0 user_interface.o
 .data          0x00000000        0x0 user_interface.o
 .bss           0x00000000        0x0 user_interface.o
 .text.lcd_interface
                0x00000000        0x2 user_interface.o
 .debug_info    0x00000000       0x4a user_interface.o
 .debug_abbrev  0x00000000       0x39 user_interface.o
 .debug_aranges
                0x00000000       0x20 user_interface.o
 .debug_ranges  0x00000000       0x10 user_interface.o
 .debug_line    0x00000000       0x47 user_interface.o
 .debug_str     0x00000000      0x10c user_interface.o
 .comment       0x00000000       0x31 user_interface.o
 .debug_frame   0x00000000       0x24 user_interface.o
 .text          0x00000000        0x0 e:/7.0/toolchain/avr8/avr8-gnu-toolchain/bin/../lib/gcc/avr/5.4.0/avr5\libgcc.a(_exit.o)
 .data          0x00000000        0x0 e:/7.0/toolchain/avr8/avr8-gnu-toolchain/bin/../lib/gcc/avr/5.4.0/avr5\libgcc.a(_exit.o)
 .bss           0x00000000        0x0 e:/7.0/toolchain/avr8/avr8-gnu-toolchain/bin/../lib/gcc/avr/5.4.0/avr5\libgcc.a(_exit.o)
 .text.libgcc.mul
                0x00000000        0x0 e:/7.0/toolchain/avr8/avr8-gnu-toolchain/bin/../lib/gcc/avr/5.4.0/avr5\libgcc.a(_exit.o)
 .text.libgcc.div
                0x00000000        0x0 e:/7.0/toolchain/avr8/avr8-gnu-toolchain/bin/../lib/gcc/avr/5.4.0/avr5\libgcc.a(_exit.o)
 .text.libgcc   0x00000000        0x0 e:/7.0/toolchain/avr8/avr8-gnu-toolchain/bin/../lib/gcc/avr/5.4.0/avr5\libgcc.a(_exit.o)
 .text.libgcc.prologue
                0x00000000        0x0 e:/7.0/toolchain/avr8/avr8-gnu-toolchain/bin/../lib/gcc/avr/5.4.0/avr5\libgcc.a(_exit.o)
 .text.libgcc.builtins
                0x00000000        0x0 e:/7.0/toolchain/avr8/avr8-gnu-toolchain/bin/../lib/gcc/avr/5.4.0/avr5\libgcc.a(_exit.o)
 .text.libgcc.fmul
                0x00000000        0x0 e:/7.0/toolchain/avr8/avr8-gnu-toolchain/bin/../lib/gcc/avr/5.4.0/avr5\libgcc.a(_exit.o)
 .text.libgcc.fixed
                0x00000000        0x0 e:/7.0/toolchain/avr8/avr8-gnu-toolchain/bin/../lib/gcc/avr/5.4.0/avr5\libgcc.a(_exit.o)
 .text          0x00000000        0x0 e:/7.0/toolchain/avr8/avr8-gnu-toolchain/bin/../lib/gcc/avr/5.4.0/avr5\libgcc.a(_copy_data.o)
 .data          0x00000000        0x0 e:/7.0/toolchain/avr8/avr8-gnu-toolchain/bin/../lib/gcc/avr/5.4.0/avr5\libgcc.a(_copy_data.o)
 .bss           0x00000000        0x0 e:/7.0/toolchain/avr8/avr8-gnu-toolchain/bin/../lib/gcc/avr/5.4.0/avr5\libgcc.a(_copy_data.o)
 .text.libgcc.mul
                0x00000000        0x0 e:/7.0/toolchain/avr8/avr8-gnu-toolchain/bin/../lib/gcc/avr/5.4.0/avr5\libgcc.a(_copy_data.o)
 .text.libgcc.div
                0x00000000        0x0 e:/7.0/toolchain/avr8/avr8-gnu-toolchain/bin/../lib/gcc/avr/5.4.0/avr5\libgcc.a(_copy_data.o)
 .text.libgcc   0x00000000        0x0 e:/7.0/toolchain/avr8/avr8-gnu-toolchain/bin/../lib/gcc/avr/5.4.0/avr5\libgcc.a(_copy_data.o)
 .text.libgcc.prologue
                0x00000000        0x0 e:/7.0/toolchain/avr8/avr8-gnu-toolchain/bin/../lib/gcc/avr/5.4.0/avr5\libgcc.a(_copy_data.o)
 .text.libgcc.builtins
                0x00000000        0x0 e:/7.0/toolchain/avr8/avr8-gnu-toolchain/bin/../lib/gcc/avr/5.4.0/avr5\libgcc.a(_copy_data.o)
 .text.libgcc.fmul
                0x00000000        0x0 e:/7.0/toolchain/avr8/avr8-gnu-toolchain/bin/../lib/gcc/avr/5.4.0/avr5\libgcc.a(_copy_data.o)
 .text.libgcc.fixed
                0x00000000        0x0 e:/7.0/toolchain/avr8/avr8-gnu-toolchain/bin/../lib/gcc/avr/5.4.0/avr5\libgcc.a(_copy_data.o)
 .text          0x00000000        0x0 e:/7.0/toolchain/avr8/avr8-gnu-toolchain/bin/../lib/gcc/avr/5.4.0/avr5\libgcc.a(_clear_bss.o)
 .data          0x00000000        0x0 e:/7.0/toolchain/avr8/avr8-gnu-toolchain/bin/../lib/gcc/avr/5.4.0/avr5\libgcc.a(_clear_bss.o)
 .bss           0x00000000        0x0 e:/7.0/toolchain/avr8/avr8-gnu-toolchain/bin/../lib/gcc/avr/5.4.0/avr5\libgcc.a(_clear_bss.o)
 .text.libgcc.mul
                0x00000000        0x0 e:/7.0/toolchain/avr8/avr8-gnu-toolchain/bin/../lib/gcc/avr/5.4.0/avr5\libgcc.a(_clear_bss.o)
 .text.libgcc.div
                0x00000000        0x0 e:/7.0/toolchain/avr8/avr8-gnu-toolchain/bin/../lib/gcc/avr/5.4.0/avr5\libgcc.a(_clear_bss.o)
 .text.libgcc   0x00000000        0x0 e:/7.0/toolchain/avr8/avr8-gnu-toolchain/bin/../lib/gcc/avr/5.4.0/avr5\libgcc.a(_clear_bss.o)
 .text.libgcc.prologue
                0x00000000        0x0 e:/7.0/toolchain/avr8/avr8-gnu-toolchain/bin/../lib/gcc/avr/5.4.0/avr5\libgcc.a(_clear_bss.o)
 .text.libgcc.builtins
                0x00000000        0x0 e:/7.0/toolchain/avr8/avr8-gnu-toolchain/bin/../lib/gcc/avr/5.4.0/avr5\libgcc.a(_clear_bss.o)
 .text.libgcc.fmul
                0x00000000        0x0 e:/7.0/toolchain/avr8/avr8-gnu-toolchain/bin/../lib/gcc/avr/5.4.0/avr5\libgcc.a(_clear_bss.o)
 .text.libgcc.fixed
                0x00000000        0x0 e:/7.0/toolchain/avr8/avr8-gnu-toolchain/bin/../lib/gcc/avr/5.4.0/avr5\libgcc.a(_clear_bss.o)

Memory Configuration

Name             Origin             Length             Attributes
text             0x00000000         0x00020000         xr
data             0x00800060         0x0000ffa0         rw !x
eeprom           0x00810000         0x00010000         rw !x
fuse             0x00820000         0x00000002         rw !x
lock             0x00830000         0x00000400         rw !x
signature        0x00840000         0x00000400         rw !x
user_signatures  0x00850000         0x00000400         rw !x
*default*        0x00000000         0xffffffff

Linker script and memory map

LOAD E:/7.0/Packs/atmel/ATmega_DFP/1.2.209/gcc/dev/atmega32/avr5/crtatmega32.o
LOAD ADC.o
LOAD add_user1.o
LOAD dcmotor.o
LOAD DIO.o
LOAD DIO_GFC.o
LOAD E2PROM.o
LOAD KeyPad.o
LOAD LCD.o
LOAD main.o
LOAD servo.o
LOAD TWI.o
LOAD UART.o
LOAD user_interface.o
START GROUP
LOAD e:/7.0/toolchain/avr8/avr8-gnu-toolchain/bin/../lib/gcc/avr/5.4.0/../../../../avr/lib/avr5\libm.a
END GROUP
START GROUP
LOAD e:/7.0/toolchain/avr8/avr8-gnu-toolchain/bin/../lib/gcc/avr/5.4.0/avr5\libgcc.a
LOAD e:/7.0/toolchain/avr8/avr8-gnu-toolchain/bin/../lib/gcc/avr/5.4.0/../../../../avr/lib/avr5\libm.a
LOAD e:/7.0/toolchain/avr8/avr8-gnu-toolchain/bin/../lib/gcc/avr/5.4.0/../../../../avr/lib/avr5\libc.a
LOAD E:/7.0/Packs/atmel/ATmega_DFP/1.2.209/gcc/dev/atmega32/avr5\libatmega32.a
END GROUP
                0x00020000                __TEXT_REGION_LENGTH__ = DEFINED (__TEXT_REGION_LENGTH__)?__TEXT_REGION_LENGTH__:0x20000
                0x0000ffa0                __DATA_REGION_LENGTH__ = DEFINED (__DATA_REGION_LENGTH__)?__DATA_REGION_LENGTH__:0xffa0
                0x00010000                __EEPROM_REGION_LENGTH__ = DEFINED (__EEPROM_REGION_LENGTH__)?__EEPROM_REGION_LENGTH__:0x10000
                [0x00000002]                __FUSE_REGION_LENGTH__ = DEFINED (__FUSE_REGION_LENGTH__)?__FUSE_REGION_LENGTH__:0x400
                0x00000400                __LOCK_REGION_LENGTH__ = DEFINED (__LOCK_REGION_LENGTH__)?__LOCK_REGION_LENGTH__:0x400
                0x00000400                __SIGNATURE_REGION_LENGTH__ = DEFINED (__SIGNATURE_REGION_LENGTH__)?__SIGNATURE_REGION_LENGTH__:0x400
                0x00000400                __USER_SIGNATURE_REGION_LENGTH__ = DEFINED (__USER_SIGNATURE_REGION_LENGTH__)?__USER_SIGNATURE_REGION_LENGTH__:0x400

.hash
 *(.hash)

.dynsym
 *(.dynsym)

.dynstr
 *(.dynstr)

.gnu.version
 *(.gnu.version)

.gnu.version_d
 *(.gnu.version_d)

.gnu.version_r
 *(.gnu.version_r)

.rel.init
 *(.rel.init)

.rela.init
 *(.rela.init)

.rel.text
 *(.rel.text)
 *(.rel.text.*)
 *(.rel.gnu.linkonce.t*)

.rela.text
 *(.rela.text)
 *(.rela.text.*)
 *(.rela.gnu.linkonce.t*)

.rel.fini
 *(.rel.fini)

.rela.fini
 *(.rela.fini)

.rel.rodata
 *(.rel.rodata)
 *(.rel.rodata.*)
 *(.rel.gnu.linkonce.r*)

.rela.rodata
 *(.rela.rodata)
 *(.rela.rodata.*)
 *(.rela.gnu.linkonce.r*)

.rel.data
 *(.rel.data)
 *(.rel.data.*)
 *(.rel.gnu.linkonce.d*)

.rela.data
 *(.rela.data)
 *(.rela.data.*)
 *(.rela.gnu.linkonce.d*)

.rel.ctors
 *(.rel.ctors)

.rela.ctors
 *(.rela.ctors)

.rel.dtors
 *(.rel.dtors)

.rela.dtors
 *(.rela.dtors)

.rel.got
 *(.rel.got)

.rela.got
 *(.rela.got)

.rel.bss
 *(.rel.bss)

.rela.bss
 *(.rela.bss)

.rel.plt
 *(.rel.plt)

.rela.plt
 *(.rela.plt)

.text           0x00000000      0xe40
 *(.vectors)
 .vectors       0x00000000       0x54 E:/7.0/Packs/atmel/ATmega_DFP/1.2.209/gcc/dev/atmega32/avr5/crtatmega32.o
                0x00000000                __vector_default
                0x00000000                __vectors
 *(.vectors)
 *(.progmem.gcc*)
                0x00000054                . = ALIGN (0x2)
                0x00000054                __trampolines_start = .
 *(.trampolines)
 .trampolines   0x00000054        0x0 linker stubs
 *(.trampolines*)
                0x00000054                __trampolines_end = .
 *libprintf_flt.a:*(.progmem.data)
 *libc.a:*(.progmem.data)
 *(.progmem*)
                0x00000054                . = ALIGN (0x2)
 *(.jumptables)
 *(.jumptables*)
 *(.lowtext)
 *(.lowtext*)
                0x00000054                __ctors_start = .
 *(.ctors)
                0x00000054                __ctors_end = .
                0x00000054                __dtors_start = .
 *(.dtors)
                0x00000054                __dtors_end = .
 SORT(*)(.ctors)
 SORT(*)(.dtors)
 *(.init0)
 .init0         0x00000054        0x0 E:/7.0/Packs/atmel/ATmega_DFP/1.2.209/gcc/dev/atmega32/avr5/crtatmega32.o
                0x00000054                __init
 *(.init0)
 *(.init1)
 *(.init1)
 *(.init2)
 .init2         0x00000054        0xc E:/7.0/Packs/atmel/ATmega_DFP/1.2.209/gcc/dev/atmega32/avr5/crtatmega32.o
 *(.init2)
 *(.init3)
 *(.init3)
 *(.init4)
 .init4         0x00000060       0x16 e:/7.0/toolchain/avr8/avr8-gnu-toolchain/bin/../lib/gcc/avr/5.4.0/avr5\libgcc.a(_copy_data.o)
                0x00000060                __do_copy_data
 .init4         0x00000076       0x10 e:/7.0/toolchain/avr8/avr8-gnu-toolchain/bin/../lib/gcc/avr/5.4.0/avr5\libgcc.a(_clear_bss.o)
                0x00000076                __do_clear_bss
 *(.init4)
 *(.init5)
 *(.init5)
 *(.init6)
 *(.init6)
 *(.init7)
 *(.init7)
 *(.init8)
 *(.init8)
 *(.init9)
 .init9         0x00000086        0x8 E:/7.0/Packs/atmel/ATmega_DFP/1.2.209/gcc/dev/atmega32/avr5/crtatmega32.o
 *(.init9)
 *(.text)
 .text          0x0000008e        0x4 E:/7.0/Packs/atmel/ATmega_DFP/1.2.209/gcc/dev/atmega32/avr5/crtatmega32.o
                0x0000008e                __vector_1
                0x0000008e                __vector_12
                0x0000008e                __bad_interrupt
                0x0000008e                __vector_6
                0x0000008e                __vector_3
                0x0000008e                __vector_11
                0x0000008e                __vector_17
                0x0000008e                __vector_19
                0x0000008e                __vector_7
                0x0000008e                __vector_5
                0x0000008e                __vector_4
                0x0000008e                __vector_9
                0x0000008e                __vector_2
                0x0000008e                __vector_15
                0x0000008e                __vector_8
                0x0000008e                __vector_14
                0x0000008e                __vector_10
                0x0000008e                __vector_16
                0x0000008e                __vector_18
                0x0000008e                __vector_20
                0x00000092                . = ALIGN (0x2)
 *(.text.*)
 .text.ADC_Init
                0x00000092        0xa ADC.o
                0x00000092                ADC_Init
 .text.ADC_Read
                0x0000009c       0x1a ADC.o
                0x0000009c                ADC_Read
 .text.add_user1
                0x000000b6       0x16 add_user1.o
                0x000000b6                add_user1
 .text.add_user2
                0x000000cc       0x16 add_user1.o
                0x000000cc                add_user2
 .text.add_user3
                0x000000e2       0x16 add_user1.o
                0x000000e2                add_user3
 .text.dcmotor_init
                0x000000f8       0x12 dcmotor.o
                0x000000f8                dcmotor_init
 .text.dcmotor_rotate
                0x0000010a       0x42 dcmotor.o
                0x0000010a                dcmotor_rotate
 .text.DIO_Write
                0x0000014c      0x104 DIO.o
                0x0000014c                DIO_Write
 .text.DIO_Read
                0x00000250       0x66 DIO.o
                0x00000250                DIO_Read
 .text.DIO_Init
                0x000002b6      0x102 DIO_GFC.o
                0x000002b6                DIO_Init
 .text.E2PROM_Write
                0x000003b8       0x3e E2PROM.o
                0x000003b8                E2PROM_Write
 .text.E2PROM_Read
                0x000003f6       0x60 E2PROM.o
                0x000003f6                E2PROM_Read
 .text.GetKey   0x00000456      0x108 KeyPad.o
                0x00000456                GetKey
 .text.GetKey2  0x0000055e       0xf4 KeyPad.o
                0x0000055e                GetKey2
 .text.LCD_Cmd  0x00000652       0x7e LCD.o
                0x00000652                LCD_Cmd
 .text.LCD_Init
                0x000006d0       0x44 LCD.o
                0x000006d0                LCD_Init
 .text.LCD_Char
                0x00000714       0x7e LCD.o
                0x00000714                LCD_Char
 .text.LCD_String
                0x00000792       0x2c LCD.o
                0x00000792                LCD_String
 .text.main     0x000007be      0x45c main.o
                0x000007be                main
 .text.__vector_13
                0x00000c1a      0x174 main.o
                0x00000c1a                __vector_13
 .text.Timer1_Fast_PWM_Init
                0x00000d8e       0x1a servo.o
                0x00000d8e                Timer1_Fast_PWM_Init
 .text.TWI_Init
                0x00000da8        0x8 TWI.o
                0x00000da8                TWI_Init
 .text.TWI_Start
                0x00000db0       0x10 TWI.o
                0x00000db0                TWI_Start
 .text.TWI_Stop
                0x00000dc0        0x6 TWI.o
                0x00000dc0                TWI_Stop
 .text.TWI_Send
                0x00000dc6       0x12 TWI.o
                0x00000dc6                TWI_Send
 .text.TWI_Read_NACK
                0x00000dd8       0x16 TWI.o
                0x00000dd8                TWI_Read_NACK
 .text.Uart_Init
                0x00000dee       0x10 UART.o
                0x00000dee                Uart_Init
 .text.Uart_Send
                0x00000dfe        0x8 UART.o
                0x00000dfe                Uart_Send
 .text.Uart_Receive
                0x00000e06        0xa UART.o
                0x00000e06                Uart_Receive
 .text.Uart_String
                0x00000e10       0x2c UART.o
                0x00000e10                Uart_String
                0x00000e3c                . = ALIGN (0x2)
 *(.fini9)
 .fini9         0x00000e3c        0x0 e:/7.0/toolchain/avr8/avr8-gnu-toolchain/bin/../lib/gcc/avr/5.4.0/avr5\libgcc.a(_exit.o)
                0x00000e3c                _exit
                0x00000e3c                exit
 *(.fini9)
 *(.fini8)
 *(.fini8)
 *(.fini7)
 *(.fini7)
 *(.fini6)
 *(.fini6)
 *(.fini5)
 *(.fini5)
 *(.fini4)
 *(.fini4)
 *(.fini3)
 *(.fini3)
 *(.fini2)
 *(.fini2)
 *(.fini1)
 *(.fini1)
 *(.fini0)
 .fini0         0x00000e3c        0x4 e:/7.0/toolchain/avr8/avr8-gnu-toolchain/bin/../lib/gcc/avr/5.4.0/avr5\libgcc.a(_exit.o)
 *(.fini0)
                0x00000e40                _etext = .

.data           0x00800060      0x21c load address 0x00000e40
                0x00800060                PROVIDE (__data_start, .)
 *(.data)
 *(.data*)
 .data.password3
                0x00800060        0x1 add_user1.o
                0x00800060                password3
 .data.password2
                0x00800061        0x1 add_user1.o
                0x00800061                password2
 .data.password1
                0x00800062        0x1 add_user1.o
                0x00800062                password1
 .data.PinCFG   0x00800063       0x40 DIO_GFC.o
                0x00800063                PinCFG
 .data.KeyPad   0x008000a3       0x10 KeyPad.o
                0x008000a3                KeyPad
 .data.KeyPadCol
                0x008000b3        0x4 KeyPad.o
                0x008000b3                KeyPadCol
 .data.KeyPadRow
                0x008000b7        0x4 KeyPad.o
                0x008000b7                KeyPadRow
 .data.b        0x008000bb        0x1 main.o
                0x008000bb                b
 .data.str20    0x008000bc       0x11 main.o
                0x008000bc                str20
 .data.str19    0x008000cd        0xd main.o
                0x008000cd                str19
 .data.str18    0x008000da       0x11 main.o
                0x008000da                str18
 .data.str17    0x008000eb       0x13 main.o
                0x008000eb                str17
 .data.str16    0x008000fe       0x12 main.o
                0x008000fe                str16
 .data.str15    0x00800110       0x1a main.o
                0x00800110                str15
 .data.str14    0x0080012a       0x1b main.o
                0x0080012a                str14
 .data.str13    0x00800145       0x19 main.o
                0x00800145                str13
 .data.str12    0x0080015e       0x12 main.o
                0x0080015e                str12
 .data.str11    0x00800170       0x59 main.o
                0x00800170                str11
 .data.str10    0x008001c9       0x2f main.o
                0x008001c9                str10
 .data.str9     0x008001f8       0x11 main.o
                0x008001f8                str9
 .data.str8     0x00800209       0x16 main.o
                0x00800209                str8
 .data.str7     0x0080021f        0xd main.o
                0x0080021f                str7
 .data.str6     0x0080022c        0xc main.o
                0x0080022c                str6
 .data.str3     0x00800238        0xd main.o
                0x00800238                str3
 .data.str2     0x00800245        0xf main.o
                0x00800245                str2
 .data.str1     0x00800254       0x16 main.o
                0x00800254                str1
 .data.str      0x0080026a       0x11 main.o
                0x0080026a                str
 *(.gnu.linkonce.d*)
 *(.rodata)
 *(.rodata*)
 *(.gnu.linkonce.r*)
                0x0080027c                . = ALIGN (0x2)
 *fill*         0x0080027b        0x1 
                0x0080027c                _edata = .
                0x0080027c                PROVIDE (__data_end, .)

.bss            0x0080027c        0x5
                0x0080027c                PROVIDE (__bss_start, .)
 *(.bss)
 *(.bss*)
 .bss.z         0x0080027c        0x1 main.o
                0x0080027c                z
 .bss.s         0x0080027d        0x1 main.o
                0x0080027d                s
 .bss.p         0x0080027e        0x1 main.o
                0x0080027e                p
 .bss.str4      0x0080027f        0x1 main.o
                0x0080027f                str4
 *(COMMON)
 COMMON         0x00800280        0x1 main.o
                0x00800280                a
                0x00800281                PROVIDE (__bss_end, .)
                0x00000e40                __data_load_start = LOADADDR (.data)
                0x0000105c                __data_load_end = (__data_load_start + SIZEOF (.data))

.noinit         0x00800281        0x0
                [!provide]                PROVIDE (__noinit_start, .)
 *(.noinit*)
                [!provide]                PROVIDE (__noinit_end, .)
                0x00800281                _end = .
                [!provide]                PROVIDE (__heap_start, .)

.eeprom         0x00810000        0x0
 *(.eeprom*)
                0x00810000                __eeprom_end = .

.fuse
 *(.fuse)
 *(.lfuse)
 *(.hfuse)
 *(.efuse)

.lock
 *(.lock*)

.signature
 *(.signature*)

.user_signatures
 *(.user_signatures*)

.stab
 *(.stab)

.stabstr
 *(.stabstr)

.stab.excl
 *(.stab.excl)

.stab.exclstr
 *(.stab.exclstr)

.stab.index
 *(.stab.index)

.stab.indexstr
 *(.stab.indexstr)

.comment        0x00000000       0x30
 *(.comment)
 .comment       0x00000000       0x30 ADC.o
                                 0x31 (size before relaxing)
 .comment       0x00000030       0x31 add_user1.o
 .comment       0x00000030       0x31 dcmotor.o
 .comment       0x00000030       0x31 DIO.o
 .comment       0x00000030       0x31 DIO_GFC.o
 .comment       0x00000030       0x31 E2PROM.o
 .comment       0x00000030       0x31 KeyPad.o
 .comment       0x00000030       0x31 LCD.o
 .comment       0x00000030       0x31 main.o
 .comment       0x00000030       0x31 servo.o
 .comment       0x00000030       0x31 TWI.o
 .comment       0x00000030       0x31 UART.o

.note.gnu.avr.deviceinfo
                0x00000000       0x3c
 .note.gnu.avr.deviceinfo
                0x00000000       0x3c E:/7.0/Packs/atmel/ATmega_DFP/1.2.209/gcc/dev/atmega32/avr5/crtatmega32.o

.note.gnu.build-id
 *(.note.gnu.build-id)

.debug
 *(.debug)

.line
 *(.line)

.debug_srcinfo
 *(.debug_srcinfo)

.debug_sfnames
 *(.debug_sfnames)

.debug_aranges  0x00000000      0x248
 *(.debug_aranges)
 .debug_aranges
                0x00000000       0x28 ADC.o
 .debug_aranges
                0x00000028       0x30 add_user1.o
 .debug_aranges
                0x00000058       0x28 dcmotor.o
 .debug_aranges
                0x00000080       0x30 DIO.o
 .debug_aranges
                0x000000b0       0x20 DIO_GFC.o
 .debug_aranges
                0x000000d0       0x28 E2PROM.o
 .debug_aranges
                0x000000f8       0x28 KeyPad.o
 .debug_aranges
                0x00000120       0x58 LCD.o
 .debug_aranges
                0x00000178       0x28 main.o
 .debug_aranges
                0x000001a0       0x20 servo.o
 .debug_aranges
                0x000001c0       0x50 TWI.o
 .debug_aranges
                0x00000210       0x38 UART.o

.debug_pubnames
 *(.debug_pubnames)

.debug_info     0x00000000     0x330c
 *(.debug_info .gnu.linkonce.wi.*)
 .debug_info    0x00000000      0x4e6 E:/7.0/Packs/atmel/ATmega_DFP/1.2.209/gcc/dev/atmega32/avr5/crtatmega32.o
 .debug_info    0x000004e6       0xce ADC.o
 .debug_info    0x000005b4      0x19f add_user1.o
 .debug_info    0x00000753      0x252 dcmotor.o
 .debug_info    0x000009a5      0x25f DIO.o
 .debug_info    0x00000c04      0x234 DIO_GFC.o
 .debug_info    0x00000e38      0x215 E2PROM.o
 .debug_info    0x0000104d      0x334 KeyPad.o
 .debug_info    0x00001381      0x80b LCD.o
 .debug_info    0x00001b8c     0x1406 main.o
 .debug_info    0x00002f92       0xa9 servo.o
 .debug_info    0x0000303b      0x1bf TWI.o
 .debug_info    0x000031fa      0x112 UART.o

.debug_abbrev   0x00000000      0xf70
 *(.debug_abbrev)
 .debug_abbrev  0x00000000      0x4a3 E:/7.0/Packs/atmel/ATmega_DFP/1.2.209/gcc/dev/atmega32/avr5/crtatmega32.o
 .debug_abbrev  0x000004a3       0x8b ADC.o
 .debug_abbrev  0x0000052e       0x9a add_user1.o
 .debug_abbrev  0x000005c8       0xa5 dcmotor.o
 .debug_abbrev  0x0000066d       0xc1 DIO.o
 .debug_abbrev  0x0000072e       0xae DIO_GFC.o
 .debug_abbrev  0x000007dc       0xd2 E2PROM.o
 .debug_abbrev  0x000008ae       0xf8 KeyPad.o
 .debug_abbrev  0x000009a6      0x191 LCD.o
 .debug_abbrev  0x00000b37      0x20c main.o
 .debug_abbrev  0x00000d43       0x62 servo.o
 .debug_abbrev  0x00000da5       0xeb TWI.o
 .debug_abbrev  0x00000e90       0xe0 UART.o

.debug_line     0x00000000     0x13cd
 *(.debug_line .debug_line.* .debug_line_end)
 .debug_line    0x00000000      0x115 E:/7.0/Packs/atmel/ATmega_DFP/1.2.209/gcc/dev/atmega32/avr5/crtatmega32.o
 .debug_line    0x00000115       0xc9 ADC.o
 .debug_line    0x000001de       0x9d add_user1.o
 .debug_line    0x0000027b       0xc0 dcmotor.o
 .debug_line    0x0000033b      0x149 DIO.o
 .debug_line    0x00000484       0xd7 DIO_GFC.o
 .debug_line    0x0000055b       0xae E2PROM.o
 .debug_line    0x00000609      0x146 KeyPad.o
 .debug_line    0x0000074f      0x2e2 LCD.o
 .debug_line    0x00000a31      0x675 main.o
 .debug_line    0x000010a6       0x99 servo.o
 .debug_line    0x0000113f      0x182 TWI.o
 .debug_line    0x000012c1      0x10c UART.o

.debug_frame    0x00000000      0x4c0
 *(.debug_frame)
 .debug_frame   0x00000000       0x34 ADC.o
 .debug_frame   0x00000034       0x44 add_user1.o
 .debug_frame   0x00000078       0x34 dcmotor.o
 .debug_frame   0x000000ac       0x44 DIO.o
 .debug_frame   0x000000f0       0x24 DIO_GFC.o
 .debug_frame   0x00000114       0x60 E2PROM.o
 .debug_frame   0x00000174       0xe0 KeyPad.o
 .debug_frame   0x00000254       0xdc LCD.o
 .debug_frame   0x00000330       0x84 main.o
 .debug_frame   0x000003b4       0x24 servo.o
 .debug_frame   0x000003d8       0x84 TWI.o
 .debug_frame   0x0000045c       0x64 UART.o

.debug_str      0x00000000      0x96d
 *(.debug_str)
 .debug_str     0x00000000      0x196 E:/7.0/Packs/atmel/ATmega_DFP/1.2.209/gcc/dev/atmega32/avr5/crtatmega32.o
 .debug_str     0x00000196      0x160 ADC.o
                                0x199 (size before relaxing)
 .debug_str     0x000002f6       0x6c add_user1.o
                                0x1c0 (size before relaxing)
 .debug_str     0x00000362      0x238 dcmotor.o
                                0x339 (size before relaxing)
 .debug_str     0x0000059a       0x96 DIO.o
                                0x372 (size before relaxing)
 .debug_str     0x00000630       0x53 DIO_GFC.o
                                0x399 (size before relaxing)
 .debug_str     0x00000683       0x76 E2PROM.o
                                0x1f9 (size before relaxing)
 .debug_str     0x000006f9       0x38 KeyPad.o
                                0x326 (size before relaxing)
 .debug_str     0x00000731       0xdd LCD.o
                                0x42b (size before relaxing)
 .debug_str     0x0000080e       0xfd main.o
                                0x53c (size before relaxing)
 .debug_str     0x0000090b       0x21 servo.o
                                0x1a0 (size before relaxing)
 .debug_str     0x0000092c       0x2b TWI.o
                                0x1c0 (size before relaxing)
 .debug_str     0x00000957       0x16 UART.o
                                0x1a1 (size before relaxing)

.debug_loc      0x00000000     0x1c01
 *(.debug_loc)
 .debug_loc     0x00000000       0x5d ADC.o
 .debug_loc     0x0000005d       0x53 dcmotor.o
 .debug_loc     0x000000b0      0x3be DIO.o
 .debug_loc     0x0000046e      0x134 DIO_GFC.o
 .debug_loc     0x000005a2      0x21e E2PROM.o
 .debug_loc     0x000007c0      0x35e KeyPad.o
 .debug_loc     0x00000b1e      0x6e5 LCD.o
 .debug_loc     0x00001203      0x881 main.o
 .debug_loc     0x00001a84       0x32 servo.o
 .debug_loc     0x00001ab6       0xaa TWI.o
 .debug_loc     0x00001b60       0xa1 UART.o

.debug_macinfo
 *(.debug_macinfo)

.debug_weaknames
 *(.debug_weaknames)

.debug_funcnames
 *(.debug_funcnames)

.debug_typenames
 *(.debug_typenames)

.debug_varnames
 *(.debug_varnames)

.debug_pubtypes
 *(.debug_pubtypes)

.debug_ranges   0x00000000      0x188
 *(.debug_ranges)
 .debug_ranges  0x00000000       0x18 ADC.o
 .debug_ranges  0x00000018       0x20 add_user1.o
 .debug_ranges  0x00000038       0x18 dcmotor.o
 .debug_ranges  0x00000050       0x20 DIO.o
 .debug_ranges  0x00000070       0x10 DIO_GFC.o
 .debug_ranges  0x00000080       0x18 E2PROM.o
 .debug_ranges  0x00000098       0x18 KeyPad.o
 .debug_ranges  0x000000b0       0x48 LCD.o
 .debug_ranges  0x000000f8       0x18 main.o
 .debug_ranges  0x00000110       0x10 servo.o
 .debug_ranges  0x00000120       0x40 TWI.o
 .debug_ranges  0x00000160       0x28 UART.o

.debug_macro
 *(.debug_macro)
OUTPUT(project_smart_home.elf elf32-avr)
LOAD linker stubs
